ERROR: Paramount failed to scrape. Skipped.
ERROR: GreatNorthern failed to scrape. Skipped.
